OpenCL device: NVIDIA A100-SXM4-80GB [NVIDIA CUDA], 81050 MiB, max buffer 20262 MiB
Encoding 8 validation crops...
Training on 58 windows, validating on 8, 80 epochs
epoch   0  step     58  train_loss 0.72146  val_loss 0.71307  val_f1 0.5237  P 0.5047  R 0.5443  lr 1.00e-04  3.7 s
epoch   1  step    116  train_loss 0.72136  val_loss 0.70599  val_f1 0.6461  P 0.5564  R 0.7704  lr 1.00e-04  4.3 s
epoch   2  step    174  train_loss 0.70902  val_loss 0.69859  val_f1 0.6925  P 0.5679  R 0.8871  lr 1.00e-04  4.0 s
epoch   3  step    232  train_loss 0.70363  val_loss 0.69152  val_f1 0.7076  P 0.5722  R 0.9267  lr 1.00e-04  3.5 s
epoch   4  step    290  train_loss 0.69060  val_loss 0.68542  val_f1 0.7154  P 0.5765  R 0.9425  lr 1.00e-04  3.5 s
epoch   5  step    348  train_loss 0.67844  val_loss 0.67970  val_f1 0.7234  P 0.5848  R 0.9480  lr 1.00e-04  4.0 s
epoch   6  step    406  train_loss 0.67741  val_loss 0.67250  val_f1 0.7396  P 0.6045  R 0.9526  lr 1.00e-04  4.1 s
epoch   7  step    464  train_loss 0.66724  val_loss 0.66774  val_f1 0.7487  P 0.6139  R 0.9593  lr 1.00e-04  3.6 s
epoch   8  step    522  train_loss 0.65975  val_loss 0.66384  val_f1 0.7541  P 0.6185  R 0.9659  lr 1.00e-04  3.9 s
epoch   9  step    580  train_loss 0.66106  val_loss 0.65958  val_f1 0.7624  P 0.6300  R 0.9654  lr 1.00e-04  3.8 s
epoch  10  step    638  train_loss 0.62632  val_loss 0.65376  val_f1 0.7693  P 0.6410  R 0.9618  lr 1.00e-04  4.0 s
epoch  11  step    696  train_loss 0.64402  val_loss 0.64919  val_f1 0.7742  P 0.6502  R 0.9568  lr 1.00e-04  3.7 s
epoch  12  step    754  train_loss 0.63074  val_loss 0.64544  val_f1 0.7746  P 0.6497  R 0.9588  lr 1.00e-04  3.7 s
epoch  13  step    812  train_loss 0.63252  val_loss 0.64157  val_f1 0.7748  P 0.6512  R 0.9564  lr 1.00e-04  3.9 s
epoch  14  step    870  train_loss 0.63649  val_loss 0.64096  val_f1 0.7746  P 0.6511  R 0.9557  lr 2.00e-05  3.7 s
epoch  15  step    928  train_loss 0.62792  val_loss 0.64035  val_f1 0.7743  P 0.6509  R 0.9552  lr 2.00e-05  4.5 s
epoch  16  step    986  train_loss 0.63442  val_loss 0.63972  val_f1 0.7741  P 0.6507  R 0.9551  lr 2.00e-05  3.7 s
epoch  17  step   1044  train_loss 0.61447  val_loss 0.63895  val_f1 0.7737  P 0.6506  R 0.9543  lr 2.00e-05  3.7 s
epoch  18  step   1102  train_loss 0.61832  val_loss 0.63831  val_f1 0.7734  P 0.6502  R 0.9542  lr 2.00e-05  3.6 s
epoch  19  step   1160  train_loss 0.63199  val_loss 0.63758  val_f1 0.7736  P 0.6510  R 0.9531  lr 2.00e-05  3.5 s
epoch  20  step   1218  train_loss 0.63646  val_loss 0.63693  val_f1 0.7739  P 0.6515  R 0.9529  lr 2.00e-05  3.5 s
epoch  21  step   1276  train_loss 0.60507  val_loss 0.63618  val_f1 0.7737  P 0.6510  R 0.9533  lr 2.00e-05  4.5 s
epoch  22  step   1334  train_loss 0.62196  val_loss 0.63548  val_f1 0.7737  P 0.6514  R 0.9527  lr 2.00e-05  3.7 s
epoch  23  step   1392  train_loss 0.62018  val_loss 0.63489  val_f1 0.7735  P 0.6511  R 0.9528  lr 2.00e-05  3.8 s
epoch  24  step   1450  train_loss 0.61367  val_loss 0.63430  val_f1 0.7735  P 0.6511  R 0.9527  lr 2.00e-05  4.0 s
epoch  25  step   1508  train_loss 0.62059  val_loss 0.63374  val_f1 0.7734  P 0.6506  R 0.9533  lr 2.00e-05  3.7 s
epoch  26  step   1566  train_loss 0.60246  val_loss 0.63300  val_f1 0.7730  P 0.6507  R 0.9519  lr 2.00e-05  3.6 s
epoch  27  step   1624  train_loss 0.61074  val_loss 0.63231  val_f1 0.7729  P 0.6503  R 0.9523  lr 2.00e-05  3.5 s
epoch  28  step   1682  train_loss 0.60249  val_loss 0.63160  val_f1 0.7726  P 0.6506  R 0.9510  lr 2.00e-05  3.5 s
epoch  29  step   1740  train_loss 0.62276  val_loss 0.63087  val_f1 0.7723  P 0.6506  R 0.9499  lr 2.00e-05  3.8 s
epoch  30  step   1798  train_loss 0.62145  val_loss 0.63077  val_f1 0.7723  P 0.6506  R 0.9500  lr 4.00e-06  3.6 s
epoch  31  step   1856  train_loss 0.63256  val_loss 0.63066  val_f1 0.7723  P 0.6507  R 0.9498  lr 4.00e-06  3.5 s
epoch  32  step   1914  train_loss 0.61065  val_loss 0.63054  val_f1 0.7724  P 0.6508  R 0.9498  lr 4.00e-06  3.6 s
epoch  33  step   1972  train_loss 0.59445  val_loss 0.63039  val_f1 0.7724  P 0.6509  R 0.9497  lr 4.00e-06  4.0 s
epoch  34  step   2030  train_loss 0.58403  val_loss 0.63026  val_f1 0.7724  P 0.6508  R 0.9497  lr 4.00e-06  3.8 s
epoch  35  step   2088  train_loss 0.62210  val_loss 0.63011  val_f1 0.7724  P 0.6509  R 0.9496  lr 4.00e-06  3.6 s
epoch  36  step   2146  train_loss 0.62079  val_loss 0.63001  val_f1 0.7724  P 0.6509  R 0.9496  lr 4.00e-06  3.5 s
epoch  37  step   2204  train_loss 0.60810  val_loss 0.62990  val_f1 0.7724  P 0.6509  R 0.9496  lr 4.00e-06  3.7 s
epoch  38  step   2262  train_loss 0.60285  val_loss 0.62975  val_f1 0.7723  P 0.6511  R 0.9491  lr 4.00e-06  3.9 s
epoch  39  step   2320  train_loss 0.59988  val_loss 0.62963  val_f1 0.7722  P 0.6509  R 0.9491  lr 4.00e-06  3.6 s
epoch  40  step   2378  train_loss 0.61076  val_loss 0.62951  val_f1 0.7723  P 0.6510  R 0.9493  lr 4.00e-06  3.7 s
epoch  41  step   2436  train_loss 0.60966  val_loss 0.62938  val_f1 0.7722  P 0.6510  R 0.9488  lr 4.00e-06  3.7 s
epoch  42  step   2494  train_loss 0.60980  val_loss 0.62927  val_f1 0.7723  P 0.6510  R 0.9491  lr 4.00e-06  3.7 s
epoch  43  step   2552  train_loss 0.60172  val_loss 0.62925  val_f1 0.7723  P 0.6510  R 0.9490  lr 8.00e-07  3.6 s
epoch  44  step   2610  train_loss 0.60809  val_loss 0.62922  val_f1 0.7723  P 0.6510  R 0.9490  lr 8.00e-07  3.5 s
epoch  45  step   2668  train_loss 0.60834  val_loss 0.62919  val_f1 0.7723  P 0.6510  R 0.9490  lr 8.00e-07  3.7 s
epoch  46  step   2726  train_loss 0.61302  val_loss 0.62917  val_f1 0.7722  P 0.6510  R 0.9488  lr 8.00e-07  3.9 s
epoch  47  step   2784  train_loss 0.61663  val_loss 0.62915  val_f1 0.7722  P 0.6510  R 0.9488  lr 8.00e-07  4.6 s
epoch  48  step   2842  train_loss 0.62131  val_loss 0.62912  val_f1 0.7722  P 0.6510  R 0.9487  lr 8.00e-07  4.1 s
epoch  49  step   2900  train_loss 0.61062  val_loss 0.62911  val_f1 0.7722  P 0.6510  R 0.9488  lr 8.00e-07  4.0 s
epoch  50  step   2958  train_loss 0.60336  val_loss 0.62907  val_f1 0.7723  P 0.6511  R 0.9487  lr 8.00e-07  3.9 s
epoch  51  step   3016  train_loss 0.62821  val_loss 0.62905  val_f1 0.7723  P 0.6511  R 0.9487  lr 8.00e-07  3.8 s
epoch  52  step   3074  train_loss 0.61042  val_loss 0.62903  val_f1 0.7722  P 0.6511  R 0.9486  lr 8.00e-07  3.6 s
epoch  53  step   3132  train_loss 0.60669  val_loss 0.62900  val_f1 0.7722  P 0.6511  R 0.9485  lr 8.00e-07  3.8 s
epoch  54  step   3190  train_loss 0.60883  val_loss 0.62898  val_f1 0.7722  P 0.6511  R 0.9485  lr 8.00e-07  3.5 s
epoch  55  step   3248  train_loss 0.60212  val_loss 0.62895  val_f1 0.7722  P 0.6511  R 0.9485  lr 8.00e-07  3.6 s
epoch  56  step   3306  train_loss 0.61244  val_loss 0.62895  val_f1 0.7722  P 0.6511  R 0.9485  lr 1.60e-07  4.1 s
epoch  57  step   3364  train_loss 0.62574  val_loss 0.62894  val_f1 0.7722  P 0.6511  R 0.9485  lr 1.60e-07  3.6 s
epoch  58  step   3422  train_loss 0.60494  val_loss 0.62894  val_f1 0.7722  P 0.6511  R 0.9485  lr 1.60e-07  3.7 s
epoch  59  step   3480  train_loss 0.59879  val_loss 0.62893  val_f1 0.7722  P 0.6511  R 0.9485  lr 1.60e-07  4.1 s
epoch  60  step   3538  train_loss 0.62281  val_loss 0.62893  val_f1 0.7722  P 0.6511  R 0.9485  lr 1.60e-07  3.7 s
epoch  61  step   3596  train_loss 0.60894  val_loss 0.62892  val_f1 0.7722  P 0.6511  R 0.9485  lr 1.60e-07  4.0 s
epoch  62  step   3654  train_loss 0.59976  val_loss 0.62892  val_f1 0.7722  P 0.6511  R 0.9485  lr 1.60e-07  3.8 s
epoch  63  step   3712  train_loss 0.60888  val_loss 0.62891  val_f1 0.7722  P 0.6511  R 0.9485  lr 1.60e-07  3.7 s
epoch  64  step   3770  train_loss 0.61414  val_loss 0.62891  val_f1 0.7722  P 0.6511  R 0.9485  lr 1.60e-07  4.0 s
epoch  65  step   3828  train_loss 0.61498  val_loss 0.62890  val_f1 0.7722  P 0.6511  R 0.9485  lr 1.60e-07  3.7 s
epoch  66  step   3886  train_loss 0.60665  val_loss 0.62890  val_f1 0.7722  P 0.6511  R 0.9485  lr 1.60e-07  3.5 s
epoch  67  step   3944  train_loss 0.62003  val_loss 0.62889  val_f1 0.7722  P 0.6511  R 0.9485  lr 1.60e-07  3.5 s
epoch  68  step   4002  train_loss 0.60296  val_loss 0.62889  val_f1 0.7722  P 0.6511  R 0.9485  lr 1.60e-07  3.6 s
epoch  69  step   4060  train_loss 0.59323  val_loss 0.62888  val_f1 0.7722  P 0.6511  R 0.9485  lr 3.20e-08  3.9 s
epoch  70  step   4118  train_loss 0.61446  val_loss 0.62888  val_f1 0.7722  P 0.6511  R 0.9485  lr 3.20e-08  3.8 s
epoch  71  step   4176  train_loss 0.60075  val_loss 0.62888  val_f1 0.7722  P 0.6511  R 0.9485  lr 3.20e-08  3.9 s
epoch  72  step   4234  train_loss 0.60231  val_loss 0.62888  val_f1 0.7722  P 0.6511  R 0.9485  lr 3.20e-08  4.1 s
epoch  73  step   4292  train_loss 0.61558  val_loss 0.62888  val_f1 0.7722  P 0.6511  R 0.9485  lr 3.20e-08  3.9 s
epoch  74  step   4350  train_loss 0.61194  val_loss 0.62888  val_f1 0.7722  P 0.6511  R 0.9485  lr 3.20e-08  3.7 s
epoch  75  step   4408  train_loss 0.62659  val_loss 0.62888  val_f1 0.7722  P 0.6511  R 0.9485  lr 3.20e-08  3.7 s
epoch  76  step   4466  train_loss 0.60788  val_loss 0.62888  val_f1 0.7722  P 0.6511  R 0.9485  lr 3.20e-08  3.5 s
epoch  77  step   4524  train_loss 0.60445  val_loss 0.62888  val_f1 0.7722  P 0.6511  R 0.9485  lr 3.20e-08  3.7 s
epoch  78  step   4582  train_loss 0.60534  val_loss 0.62888  val_f1 0.7722  P 0.6511  R 0.9485  lr 3.20e-08  4.0 s
epoch  79  step   4640  train_loss 0.60761  val_loss 0.62887  val_f1 0.7722  P 0.6511  R 0.9485  lr 3.20e-08  3.6 s
Kept /maahr/home/almauser1/RSDATA/alma_wheat_festival/trainer_checkpoints/epoch=12-step=754.head (val F1 0.7746)
Kept /maahr/home/almauser1/RSDATA/alma_wheat_festival/trainer_checkpoints/epoch=13-step=812.head (val F1 0.7748)
Kept /maahr/home/almauser1/RSDATA/alma_wheat_festival/trainer_checkpoints/epoch=14-step=870.head (val F1 0.7746)
